../Core/Src/main.c:82:5:main	8	static
../Core/Src/main.c:139:6:SystemClock_Config	120	static
../Core/Src/main.c:186:13:MX_TIM1_Init	72	static
../Core/Src/main.c:255:13:MX_TIM2_Init	72	static
../Core/Src/main.c:322:13:MX_TIM15_Init	72	static
../Core/Src/main.c:390:13:MX_USART2_UART_Init	8	static
../Core/Src/main.c:423:13:MX_DMA_Init	16	static
../Core/Src/main.c:441:13:MX_GPIO_Init	16	static
../Core/Src/main.c:454:6:HAL_UART_TxCpltCallback	24	static
../Core/Src/main.c:511:6:HAL_TIM_IC_CaptureCallback	16	static
../Core/Src/main.c:522:6:Error_Handler	4	static,ignoring_inline_asm
